// Jest Snapshot v1, https://goo.gl/fbAQLP

exports[`Bitflow schema shoudl return the schema 1`] = `
Object {
  "$schema": "http://json-schema.org/draft-07/schema#",
  "additionalProperties": false,
  "properties": Object {
    "description": Object {
      "type": "string",
    },
    "name": Object {
      "type": "string",
    },
    "subtype": Object {
      "const": "simple",
      "type": "string",
    },
    "view": Object {
      "additionalProperties": false,
      "properties": Object {
        "message": Object {
          "type": "string",
        },
        "title": Object {
          "type": "string",
        },
      },
      "required": Array [
        "title",
        "message",
      ],
      "type": "object",
    },
  },
  "required": Array [
    "name",
    "description",
    "subtype",
    "view",
  ],
  "type": "object",
}
`;
